Test content for Ci